------------------------------------------------------------
Timing Analyzer Summary
------------------------------------------------------------

Type  : Slow 1100mV 85C Model Setup 'VGA_SYNC:inst33|pixel_row[4]'
Slack : -17.297
TNS   : -168.828

Type  : Slow 1100mV 85C Model Setup 'VGA_SYNC:inst33|pixel_column[0]'
Slack : -15.278
TNS   : -78.931

Type  : Slow 1100mV 85C Model Setup 'VGA_SYNC:inst33|vert_sync_out'
Slack : -10.494
TNS   : -1779.175

Type  : Slow 1100mV 85C Model Setup 'inst|dp_clk_inst|altera_pll_i|general[0].gpll~PLL_OUTPUT_COUNTER|divclk'
Slack : -9.179
TNS   : -157.582

Type  : Slow 1100mV 85C Model Setup 'MOUSE:inst1|MOUSE_CLK_FILTER'
Slack : -8.691
TNS   : -310.884

Type  : Slow 1100mV 85C Model Setup 'game_state_FSM:inst10|reset'
Slack : -6.135
TNS   : -105.716

Type  : Slow 1100mV 85C Model Setup 'timer:inst2|ClockDivider:dummy|vClockOut'
Slack : -3.530
TNS   : -62.030

Type  : Slow 1100mV 85C Model Hold 'inst|dp_clk_inst|altera_pll_i|general[0].gpll~PLL_OUTPUT_COUNTER|divclk'
Slack : -4.936
TNS   : -44.981

Type  : Slow 1100mV 85C Model Hold 'VGA_SYNC:inst33|pixel_column[0]'
Slack : -1.434
TNS   : -4.706

Type  : Slow 1100mV 85C Model Hold 'VGA_SYNC:inst33|pixel_row[4]'
Slack : -0.059
TNS   : -0.059

Type  : Slow 1100mV 85C Model Hold 'game_state_FSM:inst10|reset'
Slack : 0.128
TNS   : 0.000

Type  : Slow 1100mV 85C Model Hold 'VGA_SYNC:inst33|vert_sync_out'
Slack : 0.192
TNS   : 0.000

Type  : Slow 1100mV 85C Model Hold 'timer:inst2|ClockDivider:dummy|vClockOut'
Slack : 0.259
TNS   : 0.000

Type  : Slow 1100mV 85C Model Hold 'MOUSE:inst1|MOUSE_CLK_FILTER'
Slack : 0.789
TNS   : 0.000

Type  : Slow 1100mV 85C Model Recovery 'MOUSE:inst1|MOUSE_CLK_FILTER'
Slack : -7.521
TNS   : -118.611

Type  : Slow 1100mV 85C Model Recovery 'inst|dp_clk_inst|altera_pll_i|general[0].gpll~PLL_OUTPUT_COUNTER|divclk'
Slack : -5.001
TNS   : -195.488

Type  : Slow 1100mV 85C Model Recovery 'VGA_SYNC:inst33|vert_sync_out'
Slack : -2.536
TNS   : -456.002

Type  : Slow 1100mV 85C Model Recovery 'timer:inst2|ClockDivider:dummy|vClockOut'
Slack : -2.287
TNS   : -16.354

Type  : Slow 1100mV 85C Model Removal 'VGA_SYNC:inst33|vert_sync_out'
Slack : 0.700
TNS   : 0.000

Type  : Slow 1100mV 85C Model Removal 'inst|dp_clk_inst|altera_pll_i|general[0].gpll~PLL_OUTPUT_COUNTER|divclk'
Slack : 0.826
TNS   : 0.000

Type  : Slow 1100mV 85C Model Removal 'timer:inst2|ClockDivider:dummy|vClockOut'
Slack : 0.857
TNS   : 0.000

Type  : Slow 1100mV 85C Model Removal 'MOUSE:inst1|MOUSE_CLK_FILTER'
Slack : 6.291
TNS   : 0.000

Type  : Slow 1100mV 85C Model Minimum Pulse Width 'VGA_SYNC:inst33|vert_sync_out'
Slack : -0.659
TNS   : -220.448

Type  : Slow 1100mV 85C Model Minimum Pulse Width 'MOUSE:inst1|MOUSE_CLK_FILTER'
Slack : -0.538
TNS   : -30.366

Type  : Slow 1100mV 85C Model Minimum Pulse Width 'timer:inst2|ClockDivider:dummy|vClockOut'
Slack : -0.538
TNS   : -22.889

Type  : Slow 1100mV 85C Model Minimum Pulse Width 'VGA_SYNC:inst33|pixel_row[4]'
Slack : -0.311
TNS   : -5.077

Type  : Slow 1100mV 85C Model Minimum Pulse Width 'game_state_FSM:inst10|reset'
Slack : 0.051
TNS   : 0.000

Type  : Slow 1100mV 85C Model Minimum Pulse Width 'VGA_SYNC:inst33|pixel_column[0]'
Slack : 0.207
TNS   : 0.000

Type  : Slow 1100mV 85C Model Minimum Pulse Width 'inst|dp_clk_inst|altera_pll_i|general[0].gpll~FRACTIONAL_PLL|vcoph[0]'
Slack : 1.666
TNS   : 0.000

Type  : Slow 1100mV 85C Model Minimum Pulse Width 'refclk'
Slack : 9.949
TNS   : 0.000

Type  : Slow 1100mV 85C Model Minimum Pulse Width 'inst|dp_clk_inst|altera_pll_i|general[0].gpll~PLL_OUTPUT_COUNTER|divclk'
Slack : 18.625
TNS   : 0.000

Type  : Slow 1100mV 0C Model Setup 'VGA_SYNC:inst33|pixel_row[4]'
Slack : -17.331
TNS   : -168.390

Type  : Slow 1100mV 0C Model Setup 'VGA_SYNC:inst33|pixel_column[0]'
Slack : -15.261
TNS   : -78.955

Type  : Slow 1100mV 0C Model Setup 'VGA_SYNC:inst33|vert_sync_out'
Slack : -10.788
TNS   : -1790.724

Type  : Slow 1100mV 0C Model Setup 'inst|dp_clk_inst|altera_pll_i|general[0].gpll~PLL_OUTPUT_COUNTER|divclk'
Slack : -8.679
TNS   : -146.868

Type  : Slow 1100mV 0C Model Setup 'MOUSE:inst1|MOUSE_CLK_FILTER'
Slack : -8.602
TNS   : -306.511

Type  : Slow 1100mV 0C Model Setup 'game_state_FSM:inst10|reset'
Slack : -6.299
TNS   : -105.329

Type  : Slow 1100mV 0C Model Setup 'timer:inst2|ClockDivider:dummy|vClockOut'
Slack : -3.449
TNS   : -62.021

Type  : Slow 1100mV 0C Model Hold 'inst|dp_clk_inst|altera_pll_i|general[0].gpll~PLL_OUTPUT_COUNTER|divclk'
Slack : -5.050
TNS   : -48.116

Type  : Slow 1100mV 0C Model Hold 'VGA_SYNC:inst33|pixel_column[0]'
Slack : -1.425
TNS   : -5.259

Type  : Slow 1100mV 0C Model Hold 'VGA_SYNC:inst33|pixel_row[4]'
Slack : -0.002
TNS   : -0.002

Type  : Slow 1100mV 0C Model Hold 'game_state_FSM:inst10|reset'
Slack : 0.072
TNS   : 0.000

Type  : Slow 1100mV 0C Model Hold 'VGA_SYNC:inst33|vert_sync_out'
Slack : 0.175
TNS   : 0.000

Type  : Slow 1100mV 0C Model Hold 'timer:inst2|ClockDivider:dummy|vClockOut'
Slack : 0.311
TNS   : 0.000

Type  : Slow 1100mV 0C Model Hold 'MOUSE:inst1|MOUSE_CLK_FILTER'
Slack : 0.871
TNS   : 0.000

Type  : Slow 1100mV 0C Model Recovery 'MOUSE:inst1|MOUSE_CLK_FILTER'
Slack : -7.449
TNS   : -117.633

Type  : Slow 1100mV 0C Model Recovery 'inst|dp_clk_inst|altera_pll_i|general[0].gpll~PLL_OUTPUT_COUNTER|divclk'
Slack : -4.467
TNS   : -174.365

Type  : Slow 1100mV 0C Model Recovery 'VGA_SYNC:inst33|vert_sync_out'
Slack : -2.493
TNS   : -448.523

Type  : Slow 1100mV 0C Model Recovery 'timer:inst2|ClockDivider:dummy|vClockOut'
Slack : -2.238
TNS   : -15.122

Type  : Slow 1100mV 0C Model Removal 'inst|dp_clk_inst|altera_pll_i|general[0].gpll~PLL_OUTPUT_COUNTER|divclk'
Slack : 0.226
TNS   : 0.000

Type  : Slow 1100mV 0C Model Removal 'VGA_SYNC:inst33|vert_sync_out'
Slack : 0.625
TNS   : 0.000

Type  : Slow 1100mV 0C Model Removal 'timer:inst2|ClockDivider:dummy|vClockOut'
Slack : 0.778
TNS   : 0.000

Type  : Slow 1100mV 0C Model Removal 'MOUSE:inst1|MOUSE_CLK_FILTER'
Slack : 6.420
TNS   : 0.000

Type  : Slow 1100mV 0C Model Minimum Pulse Width 'VGA_SYNC:inst33|vert_sync_out'
Slack : -0.623
TNS   : -213.442

Type  : Slow 1100mV 0C Model Minimum Pulse Width 'MOUSE:inst1|MOUSE_CLK_FILTER'
Slack : -0.538
TNS   : -28.960

Type  : Slow 1100mV 0C Model Minimum Pulse Width 'timer:inst2|ClockDivider:dummy|vClockOut'
Slack : -0.538
TNS   : -22.536

Type  : Slow 1100mV 0C Model Minimum Pulse Width 'VGA_SYNC:inst33|pixel_row[4]'
Slack : -0.320
TNS   : -5.781

Type  : Slow 1100mV 0C Model Minimum Pulse Width 'game_state_FSM:inst10|reset'
Slack : 0.007
TNS   : 0.000

Type  : Slow 1100mV 0C Model Minimum Pulse Width 'VGA_SYNC:inst33|pixel_column[0]'
Slack : 0.171
TNS   : 0.000

Type  : Slow 1100mV 0C Model Minimum Pulse Width 'inst|dp_clk_inst|altera_pll_i|general[0].gpll~FRACTIONAL_PLL|vcoph[0]'
Slack : 1.666
TNS   : 0.000

Type  : Slow 1100mV 0C Model Minimum Pulse Width 'refclk'
Slack : 9.980
TNS   : 0.000

Type  : Slow 1100mV 0C Model Minimum Pulse Width 'inst|dp_clk_inst|altera_pll_i|general[0].gpll~PLL_OUTPUT_COUNTER|divclk'
Slack : 18.573
TNS   : 0.000

Type  : Fast 1100mV 85C Model Setup 'VGA_SYNC:inst33|pixel_row[4]'
Slack : -8.355
TNS   : -81.440

Type  : Fast 1100mV 85C Model Setup 'VGA_SYNC:inst33|pixel_column[0]'
Slack : -7.256
TNS   : -36.814

Type  : Fast 1100mV 85C Model Setup 'inst|dp_clk_inst|altera_pll_i|general[0].gpll~PLL_OUTPUT_COUNTER|divclk'
Slack : -4.873
TNS   : -87.660

Type  : Fast 1100mV 85C Model Setup 'VGA_SYNC:inst33|vert_sync_out'
Slack : -4.723
TNS   : -833.493

Type  : Fast 1100mV 85C Model Setup 'MOUSE:inst1|MOUSE_CLK_FILTER'
Slack : -4.088
TNS   : -145.132

Type  : Fast 1100mV 85C Model Setup 'game_state_FSM:inst10|reset'
Slack : -2.900
TNS   : -44.897

Type  : Fast 1100mV 85C Model Setup 'timer:inst2|ClockDivider:dummy|vClockOut'
Slack : -1.718
TNS   : -25.452

Type  : Fast 1100mV 85C Model Hold 'inst|dp_clk_inst|altera_pll_i|general[0].gpll~PLL_OUTPUT_COUNTER|divclk'
Slack : -2.294
TNS   : -22.433

Type  : Fast 1100mV 85C Model Hold 'VGA_SYNC:inst33|pixel_column[0]'
Slack : -0.710
TNS   : -2.004

Type  : Fast 1100mV 85C Model Hold 'VGA_SYNC:inst33|pixel_row[4]'
Slack : -0.196
TNS   : -0.196

Type  : Fast 1100mV 85C Model Hold 'timer:inst2|ClockDivider:dummy|vClockOut'
Slack : -0.057
TNS   : -0.157

Type  : Fast 1100mV 85C Model Hold 'VGA_SYNC:inst33|vert_sync_out'
Slack : 0.044
TNS   : 0.000

Type  : Fast 1100mV 85C Model Hold 'game_state_FSM:inst10|reset'
Slack : 0.052
TNS   : 0.000

Type  : Fast 1100mV 85C Model Hold 'MOUSE:inst1|MOUSE_CLK_FILTER'
Slack : 0.326
TNS   : 0.000

Type  : Fast 1100mV 85C Model Recovery 'inst|dp_clk_inst|altera_pll_i|general[0].gpll~PLL_OUTPUT_COUNTER|divclk'
Slack : -3.786
TNS   : -148.034

Type  : Fast 1100mV 85C Model Recovery 'MOUSE:inst1|MOUSE_CLK_FILTER'
Slack : -3.548
TNS   : -55.838

Type  : Fast 1100mV 85C Model Recovery 'VGA_SYNC:inst33|vert_sync_out'
Slack : -1.633
TNS   : -285.395

Type  : Fast 1100mV 85C Model Recovery 'timer:inst2|ClockDivider:dummy|vClockOut'
Slack : -1.433
TNS   : -4.116

Type  : Fast 1100mV 85C Model Removal 'VGA_SYNC:inst33|vert_sync_out'
Slack : 0.218
TNS   : 0.000

Type  : Fast 1100mV 85C Model Removal 'timer:inst2|ClockDivider:dummy|vClockOut'
Slack : 0.342
TNS   : 0.000

Type  : Fast 1100mV 85C Model Removal 'inst|dp_clk_inst|altera_pll_i|general[0].gpll~PLL_OUTPUT_COUNTER|divclk'
Slack : 0.763
TNS   : 0.000

Type  : Fast 1100mV 85C Model Removal 'MOUSE:inst1|MOUSE_CLK_FILTER'
Slack : 3.393
TNS   : 0.000

Type  : Fast 1100mV 85C Model Minimum Pulse Width 'VGA_SYNC:inst33|vert_sync_out'
Slack : -0.249
TNS   : -11.585

Type  : Fast 1100mV 85C Model Minimum Pulse Width 'timer:inst2|ClockDivider:dummy|vClockOut'
Slack : -0.116
TNS   : -1.145

Type  : Fast 1100mV 85C Model Minimum Pulse Width 'game_state_FSM:inst10|reset'
Slack : -0.015
TNS   : -0.029

Type  : Fast 1100mV 85C Model Minimum Pulse Width 'MOUSE:inst1|MOUSE_CLK_FILTER'
Slack : 0.104
TNS   : 0.000

Type  : Fast 1100mV 85C Model Minimum Pulse Width 'VGA_SYNC:inst33|pixel_row[4]'
Slack : 0.119
TNS   : 0.000

Type  : Fast 1100mV 85C Model Minimum Pulse Width 'VGA_SYNC:inst33|pixel_column[0]'
Slack : 0.316
TNS   : 0.000

Type  : Fast 1100mV 85C Model Minimum Pulse Width 'inst|dp_clk_inst|altera_pll_i|general[0].gpll~FRACTIONAL_PLL|vcoph[0]'
Slack : 1.666
TNS   : 0.000

Type  : Fast 1100mV 85C Model Minimum Pulse Width 'refclk'
Slack : 9.643
TNS   : 0.000

Type  : Fast 1100mV 85C Model Minimum Pulse Width 'inst|dp_clk_inst|altera_pll_i|general[0].gpll~PLL_OUTPUT_COUNTER|divclk'
Slack : 18.886
TNS   : 0.000

Type  : Fast 1100mV 0C Model Setup 'VGA_SYNC:inst33|pixel_row[4]'
Slack : -7.806
TNS   : -76.187

Type  : Fast 1100mV 0C Model Setup 'VGA_SYNC:inst33|pixel_column[0]'
Slack : -6.732
TNS   : -34.266

Type  : Fast 1100mV 0C Model Setup 'VGA_SYNC:inst33|vert_sync_out'
Slack : -4.547
TNS   : -754.050

Type  : Fast 1100mV 0C Model Setup 'MOUSE:inst1|MOUSE_CLK_FILTER'
Slack : -3.950
TNS   : -139.606

Type  : Fast 1100mV 0C Model Setup 'inst|dp_clk_inst|altera_pll_i|general[0].gpll~PLL_OUTPUT_COUNTER|divclk'
Slack : -3.939
TNS   : -68.857

Type  : Fast 1100mV 0C Model Setup 'game_state_FSM:inst10|reset'
Slack : -2.570
TNS   : -40.794

Type  : Fast 1100mV 0C Model Setup 'timer:inst2|ClockDivider:dummy|vClockOut'
Slack : -1.448
TNS   : -21.654

Type  : Fast 1100mV 0C Model Hold 'inst|dp_clk_inst|altera_pll_i|general[0].gpll~PLL_OUTPUT_COUNTER|divclk'
Slack : -2.316
TNS   : -25.129

Type  : Fast 1100mV 0C Model Hold 'VGA_SYNC:inst33|pixel_column[0]'
Slack : -0.659
TNS   : -1.959

Type  : Fast 1100mV 0C Model Hold 'VGA_SYNC:inst33|pixel_row[4]'
Slack : -0.131
TNS   : -0.131

Type  : Fast 1100mV 0C Model Hold 'timer:inst2|ClockDivider:dummy|vClockOut'
Slack : -0.068
TNS   : -0.668

Type  : Fast 1100mV 0C Model Hold 'VGA_SYNC:inst33|vert_sync_out'
Slack : 0.034
TNS   : 0.000

Type  : Fast 1100mV 0C Model Hold 'game_state_FSM:inst10|reset'
Slack : 0.071
TNS   : 0.000

Type  : Fast 1100mV 0C Model Hold 'MOUSE:inst1|MOUSE_CLK_FILTER'
Slack : 0.324
TNS   : 0.000

Type  : Fast 1100mV 0C Model Recovery 'MOUSE:inst1|MOUSE_CLK_FILTER'
Slack : -3.438
TNS   : -54.190

Type  : Fast 1100mV 0C Model Recovery 'inst|dp_clk_inst|altera_pll_i|general[0].gpll~PLL_OUTPUT_COUNTER|divclk'
Slack : -2.879
TNS   : -112.233

Type  : Fast 1100mV 0C Model Recovery 'VGA_SYNC:inst33|vert_sync_out'
Slack : -1.399
TNS   : -244.648

Type  : Fast 1100mV 0C Model Recovery 'timer:inst2|ClockDivider:dummy|vClockOut'
Slack : -1.238
TNS   : -2.874

Type  : Fast 1100mV 0C Model Removal 'VGA_SYNC:inst33|vert_sync_out'
Slack : 0.138
TNS   : 0.000

Type  : Fast 1100mV 0C Model Removal 'inst|dp_clk_inst|altera_pll_i|general[0].gpll~PLL_OUTPUT_COUNTER|divclk'
Slack : 0.256
TNS   : 0.000

Type  : Fast 1100mV 0C Model Removal 'timer:inst2|ClockDivider:dummy|vClockOut'
Slack : 0.297
TNS   : 0.000

Type  : Fast 1100mV 0C Model Removal 'MOUSE:inst1|MOUSE_CLK_FILTER'
Slack : 3.348
TNS   : 0.000

Type  : Fast 1100mV 0C Model Minimum Pulse Width 'VGA_SYNC:inst33|vert_sync_out'
Slack : -0.158
TNS   : -2.343

Type  : Fast 1100mV 0C Model Minimum Pulse Width 'timer:inst2|ClockDivider:dummy|vClockOut'
Slack : -0.046
TNS   : -0.445

Type  : Fast 1100mV 0C Model Minimum Pulse Width 'game_state_FSM:inst10|reset'
Slack : 0.056
TNS   : 0.000

Type  : Fast 1100mV 0C Model Minimum Pulse Width 'MOUSE:inst1|MOUSE_CLK_FILTER'
Slack : 0.099
TNS   : 0.000

Type  : Fast 1100mV 0C Model Minimum Pulse Width 'VGA_SYNC:inst33|pixel_row[4]'
Slack : 0.156
TNS   : 0.000

Type  : Fast 1100mV 0C Model Minimum Pulse Width 'VGA_SYNC:inst33|pixel_column[0]'
Slack : 0.341
TNS   : 0.000

Type  : Fast 1100mV 0C Model Minimum Pulse Width 'inst|dp_clk_inst|altera_pll_i|general[0].gpll~FRACTIONAL_PLL|vcoph[0]'
Slack : 1.666
TNS   : 0.000

Type  : Fast 1100mV 0C Model Minimum Pulse Width 'refclk'
Slack : 9.632
TNS   : 0.000

Type  : Fast 1100mV 0C Model Minimum Pulse Width 'inst|dp_clk_inst|altera_pll_i|general[0].gpll~PLL_OUTPUT_COUNTER|divclk'
Slack : 18.888
TNS   : 0.000

------------------------------------------------------------
