------------------------------------------------------------
Timing Analyzer Summary
------------------------------------------------------------

Type  : Slow 1100mV 85C Model Setup 'VGA_SYNC:inst33|pixel_row[4]'
Slack : -15.092
TNS   : -165.978

Type  : Slow 1100mV 85C Model Setup 'VGA_SYNC:inst33|pixel_column[0]'
Slack : -13.620
TNS   : -77.864

Type  : Slow 1100mV 85C Model Setup 'VGA_SYNC:inst33|vert_sync_out'
Slack : -9.788
TNS   : -1440.134

Type  : Slow 1100mV 85C Model Setup 'inst|dp_clk_inst|altera_pll_i|general[0].gpll~PLL_OUTPUT_COUNTER|divclk'
Slack : -8.919
TNS   : -187.461

Type  : Slow 1100mV 85C Model Setup 'MOUSE:inst1|MOUSE_CLK_FILTER'
Slack : -8.606
TNS   : -311.228

Type  : Slow 1100mV 85C Model Setup 'game_state_FSM:inst10|reset'
Slack : -6.249
TNS   : -112.725

Type  : Slow 1100mV 85C Model Setup 'timer:inst2|ClockDivider:dummy|vClockOut'
Slack : -2.970
TNS   : -63.270

Type  : Slow 1100mV 85C Model Hold 'inst|dp_clk_inst|altera_pll_i|general[0].gpll~PLL_OUTPUT_COUNTER|divclk'
Slack : -1.796
TNS   : -20.595

Type  : Slow 1100mV 85C Model Hold 'VGA_SYNC:inst33|pixel_column[0]'
Slack : -0.639
TNS   : -2.935

Type  : Slow 1100mV 85C Model Hold 'VGA_SYNC:inst33|pixel_row[4]'
Slack : 0.140
TNS   : 0.000

Type  : Slow 1100mV 85C Model Hold 'VGA_SYNC:inst33|vert_sync_out'
Slack : 0.286
TNS   : 0.000

Type  : Slow 1100mV 85C Model Hold 'timer:inst2|ClockDivider:dummy|vClockOut'
Slack : 0.718
TNS   : 0.000

Type  : Slow 1100mV 85C Model Hold 'MOUSE:inst1|MOUSE_CLK_FILTER'
Slack : 0.780
TNS   : 0.000

Type  : Slow 1100mV 85C Model Hold 'game_state_FSM:inst10|reset'
Slack : 0.919
TNS   : 0.000

Type  : Slow 1100mV 85C Model Recovery 'MOUSE:inst1|MOUSE_CLK_FILTER'
Slack : -7.766
TNS   : -122.589

Type  : Slow 1100mV 85C Model Recovery 'inst|dp_clk_inst|altera_pll_i|general[0].gpll~PLL_OUTPUT_COUNTER|divclk'
Slack : -4.427
TNS   : -193.639

Type  : Slow 1100mV 85C Model Recovery 'VGA_SYNC:inst33|vert_sync_out'
Slack : -2.641
TNS   : -445.862

Type  : Slow 1100mV 85C Model Recovery 'timer:inst2|ClockDivider:dummy|vClockOut'
Slack : -1.246
TNS   : -11.869

Type  : Slow 1100mV 85C Model Removal 'inst|dp_clk_inst|altera_pll_i|general[0].gpll~PLL_OUTPUT_COUNTER|divclk'
Slack : 0.222
TNS   : 0.000

Type  : Slow 1100mV 85C Model Removal 'timer:inst2|ClockDivider:dummy|vClockOut'
Slack : 0.318
TNS   : 0.000

Type  : Slow 1100mV 85C Model Removal 'VGA_SYNC:inst33|vert_sync_out'
Slack : 0.773
TNS   : 0.000

Type  : Slow 1100mV 85C Model Removal 'MOUSE:inst1|MOUSE_CLK_FILTER'
Slack : 6.365
TNS   : 0.000

Type  : Slow 1100mV 85C Model Minimum Pulse Width 'VGA_SYNC:inst33|pixel_row[4]'
Slack : -0.974
TNS   : -26.285

Type  : Slow 1100mV 85C Model Minimum Pulse Width 'VGA_SYNC:inst33|vert_sync_out'
Slack : -0.653
TNS   : -232.583

Type  : Slow 1100mV 85C Model Minimum Pulse Width 'MOUSE:inst1|MOUSE_CLK_FILTER'
Slack : -0.538
TNS   : -29.484

Type  : Slow 1100mV 85C Model Minimum Pulse Width 'timer:inst2|ClockDivider:dummy|vClockOut'
Slack : -0.538
TNS   : -21.385

Type  : Slow 1100mV 85C Model Minimum Pulse Width 'game_state_FSM:inst10|reset'
Slack : -0.097
TNS   : -0.187

Type  : Slow 1100mV 85C Model Minimum Pulse Width 'VGA_SYNC:inst33|pixel_column[0]'
Slack : 0.268
TNS   : 0.000

Type  : Slow 1100mV 85C Model Minimum Pulse Width 'inst|dp_clk_inst|altera_pll_i|general[0].gpll~FRACTIONAL_PLL|vcoph[0]'
Slack : 1.666
TNS   : 0.000

Type  : Slow 1100mV 85C Model Minimum Pulse Width 'refclk'
Slack : 9.949
TNS   : 0.000

Type  : Slow 1100mV 85C Model Minimum Pulse Width 'inst|dp_clk_inst|altera_pll_i|general[0].gpll~PLL_OUTPUT_COUNTER|divclk'
Slack : 18.620
TNS   : 0.000

Type  : Slow 1100mV 0C Model Setup 'VGA_SYNC:inst33|pixel_row[4]'
Slack : -15.227
TNS   : -165.492

Type  : Slow 1100mV 0C Model Setup 'VGA_SYNC:inst33|pixel_column[0]'
Slack : -13.695
TNS   : -77.501

Type  : Slow 1100mV 0C Model Setup 'VGA_SYNC:inst33|vert_sync_out'
Slack : -10.239
TNS   : -1461.051

Type  : Slow 1100mV 0C Model Setup 'MOUSE:inst1|MOUSE_CLK_FILTER'
Slack : -8.678
TNS   : -306.918

Type  : Slow 1100mV 0C Model Setup 'inst|dp_clk_inst|altera_pll_i|general[0].gpll~PLL_OUTPUT_COUNTER|divclk'
Slack : -8.537
TNS   : -174.964

Type  : Slow 1100mV 0C Model Setup 'game_state_FSM:inst10|reset'
Slack : -6.398
TNS   : -113.183

Type  : Slow 1100mV 0C Model Setup 'timer:inst2|ClockDivider:dummy|vClockOut'
Slack : -2.970
TNS   : -62.868

Type  : Slow 1100mV 0C Model Hold 'inst|dp_clk_inst|altera_pll_i|general[0].gpll~PLL_OUTPUT_COUNTER|divclk'
Slack : -2.053
TNS   : -23.080

Type  : Slow 1100mV 0C Model Hold 'VGA_SYNC:inst33|pixel_column[0]'
Slack : -0.871
TNS   : -3.912

Type  : Slow 1100mV 0C Model Hold 'VGA_SYNC:inst33|pixel_row[4]'
Slack : 0.184
TNS   : 0.000

Type  : Slow 1100mV 0C Model Hold 'VGA_SYNC:inst33|vert_sync_out'
Slack : 0.285
TNS   : 0.000

Type  : Slow 1100mV 0C Model Hold 'timer:inst2|ClockDivider:dummy|vClockOut'
Slack : 0.652
TNS   : 0.000

Type  : Slow 1100mV 0C Model Hold 'MOUSE:inst1|MOUSE_CLK_FILTER'
Slack : 0.794
TNS   : 0.000

Type  : Slow 1100mV 0C Model Hold 'game_state_FSM:inst10|reset'
Slack : 0.856
TNS   : 0.000

Type  : Slow 1100mV 0C Model Recovery 'MOUSE:inst1|MOUSE_CLK_FILTER'
Slack : -7.757
TNS   : -122.329

Type  : Slow 1100mV 0C Model Recovery 'inst|dp_clk_inst|altera_pll_i|general[0].gpll~PLL_OUTPUT_COUNTER|divclk'
Slack : -3.810
TNS   : -166.192

Type  : Slow 1100mV 0C Model Recovery 'VGA_SYNC:inst33|vert_sync_out'
Slack : -2.577
TNS   : -439.425

Type  : Slow 1100mV 0C Model Recovery 'timer:inst2|ClockDivider:dummy|vClockOut'
Slack : -1.286
TNS   : -11.074

Type  : Slow 1100mV 0C Model Removal 'inst|dp_clk_inst|altera_pll_i|general[0].gpll~PLL_OUTPUT_COUNTER|divclk'
Slack : -0.356
TNS   : -5.876

Type  : Slow 1100mV 0C Model Removal 'timer:inst2|ClockDivider:dummy|vClockOut'
Slack : 0.286
TNS   : 0.000

Type  : Slow 1100mV 0C Model Removal 'VGA_SYNC:inst33|vert_sync_out'
Slack : 0.691
TNS   : 0.000

Type  : Slow 1100mV 0C Model Removal 'MOUSE:inst1|MOUSE_CLK_FILTER'
Slack : 6.510
TNS   : 0.000

Type  : Slow 1100mV 0C Model Minimum Pulse Width 'VGA_SYNC:inst33|pixel_row[4]'
Slack : -0.966
TNS   : -25.720

Type  : Slow 1100mV 0C Model Minimum Pulse Width 'VGA_SYNC:inst33|vert_sync_out'
Slack : -0.604
TNS   : -224.513

Type  : Slow 1100mV 0C Model Minimum Pulse Width 'MOUSE:inst1|MOUSE_CLK_FILTER'
Slack : -0.538
TNS   : -28.671

Type  : Slow 1100mV 0C Model Minimum Pulse Width 'timer:inst2|ClockDivider:dummy|vClockOut'
Slack : -0.538
TNS   : -20.947

Type  : Slow 1100mV 0C Model Minimum Pulse Width 'game_state_FSM:inst10|reset'
Slack : -0.093
TNS   : -0.175

Type  : Slow 1100mV 0C Model Minimum Pulse Width 'VGA_SYNC:inst33|pixel_column[0]'
Slack : 0.307
TNS   : 0.000

Type  : Slow 1100mV 0C Model Minimum Pulse Width 'inst|dp_clk_inst|altera_pll_i|general[0].gpll~FRACTIONAL_PLL|vcoph[0]'
Slack : 1.666
TNS   : 0.000

Type  : Slow 1100mV 0C Model Minimum Pulse Width 'refclk'
Slack : 9.980
TNS   : 0.000

Type  : Slow 1100mV 0C Model Minimum Pulse Width 'inst|dp_clk_inst|altera_pll_i|general[0].gpll~PLL_OUTPUT_COUNTER|divclk'
Slack : 18.572
TNS   : 0.000

Type  : Fast 1100mV 85C Model Setup 'VGA_SYNC:inst33|pixel_row[4]'
Slack : -7.125
TNS   : -80.224

Type  : Fast 1100mV 85C Model Setup 'VGA_SYNC:inst33|pixel_column[0]'
Slack : -6.215
TNS   : -35.319

Type  : Fast 1100mV 85C Model Setup 'inst|dp_clk_inst|altera_pll_i|general[0].gpll~PLL_OUTPUT_COUNTER|divclk'
Slack : -4.711
TNS   : -107.565

Type  : Fast 1100mV 85C Model Setup 'VGA_SYNC:inst33|vert_sync_out'
Slack : -4.417
TNS   : -639.526

Type  : Fast 1100mV 85C Model Setup 'MOUSE:inst1|MOUSE_CLK_FILTER'
Slack : -4.117
TNS   : -145.801

Type  : Fast 1100mV 85C Model Setup 'game_state_FSM:inst10|reset'
Slack : -2.913
TNS   : -49.406

Type  : Fast 1100mV 85C Model Setup 'timer:inst2|ClockDivider:dummy|vClockOut'
Slack : -1.528
TNS   : -25.693

Type  : Fast 1100mV 85C Model Hold 'inst|dp_clk_inst|altera_pll_i|general[0].gpll~PLL_OUTPUT_COUNTER|divclk'
Slack : -0.671
TNS   : -5.661

Type  : Fast 1100mV 85C Model Hold 'VGA_SYNC:inst33|pixel_column[0]'
Slack : -0.281
TNS   : -1.253

Type  : Fast 1100mV 85C Model Hold 'VGA_SYNC:inst33|pixel_row[4]'
Slack : -0.097
TNS   : -0.097

Type  : Fast 1100mV 85C Model Hold 'VGA_SYNC:inst33|vert_sync_out'
Slack : 0.064
TNS   : 0.000

Type  : Fast 1100mV 85C Model Hold 'timer:inst2|ClockDivider:dummy|vClockOut'
Slack : 0.183
TNS   : 0.000

Type  : Fast 1100mV 85C Model Hold 'MOUSE:inst1|MOUSE_CLK_FILTER'
Slack : 0.340
TNS   : 0.000

Type  : Fast 1100mV 85C Model Hold 'game_state_FSM:inst10|reset'
Slack : 0.517
TNS   : 0.000

Type  : Fast 1100mV 85C Model Recovery 'MOUSE:inst1|MOUSE_CLK_FILTER'
Slack : -3.734
TNS   : -58.592

Type  : Fast 1100mV 85C Model Recovery 'inst|dp_clk_inst|altera_pll_i|general[0].gpll~PLL_OUTPUT_COUNTER|divclk'
Slack : -3.450
TNS   : -151.382

Type  : Fast 1100mV 85C Model Recovery 'VGA_SYNC:inst33|vert_sync_out'
Slack : -1.729
TNS   : -273.098

Type  : Fast 1100mV 85C Model Recovery 'timer:inst2|ClockDivider:dummy|vClockOut'
Slack : -0.775
TNS   : -1.538

Type  : Fast 1100mV 85C Model Removal 'timer:inst2|ClockDivider:dummy|vClockOut'
Slack : 0.048
TNS   : 0.000

Type  : Fast 1100mV 85C Model Removal 'VGA_SYNC:inst33|vert_sync_out'
Slack : 0.181
TNS   : 0.000

Type  : Fast 1100mV 85C Model Removal 'inst|dp_clk_inst|altera_pll_i|general[0].gpll~PLL_OUTPUT_COUNTER|divclk'
Slack : 0.489
TNS   : 0.000

Type  : Fast 1100mV 85C Model Removal 'MOUSE:inst1|MOUSE_CLK_FILTER'
Slack : 3.425
TNS   : 0.000

Type  : Fast 1100mV 85C Model Minimum Pulse Width 'VGA_SYNC:inst33|pixel_row[4]'
Slack : -0.347
TNS   : -6.173

Type  : Fast 1100mV 85C Model Minimum Pulse Width 'VGA_SYNC:inst33|vert_sync_out'
Slack : -0.248
TNS   : -29.285

Type  : Fast 1100mV 85C Model Minimum Pulse Width 'game_state_FSM:inst10|reset'
Slack : -0.048
TNS   : -0.095

Type  : Fast 1100mV 85C Model Minimum Pulse Width 'timer:inst2|ClockDivider:dummy|vClockOut'
Slack : 0.002
TNS   : 0.000

Type  : Fast 1100mV 85C Model Minimum Pulse Width 'MOUSE:inst1|MOUSE_CLK_FILTER'
Slack : 0.100
TNS   : 0.000

Type  : Fast 1100mV 85C Model Minimum Pulse Width 'VGA_SYNC:inst33|pixel_column[0]'
Slack : 0.362
TNS   : 0.000

Type  : Fast 1100mV 85C Model Minimum Pulse Width 'inst|dp_clk_inst|altera_pll_i|general[0].gpll~FRACTIONAL_PLL|vcoph[0]'
Slack : 1.666
TNS   : 0.000

Type  : Fast 1100mV 85C Model Minimum Pulse Width 'refclk'
Slack : 9.643
TNS   : 0.000

Type  : Fast 1100mV 85C Model Minimum Pulse Width 'inst|dp_clk_inst|altera_pll_i|general[0].gpll~PLL_OUTPUT_COUNTER|divclk'
Slack : 18.886
TNS   : 0.000

Type  : Fast 1100mV 0C Model Setup 'VGA_SYNC:inst33|pixel_row[4]'
Slack : -6.690
TNS   : -75.090

Type  : Fast 1100mV 0C Model Setup 'VGA_SYNC:inst33|pixel_column[0]'
Slack : -5.791
TNS   : -32.940

Type  : Fast 1100mV 0C Model Setup 'MOUSE:inst1|MOUSE_CLK_FILTER'
Slack : -3.979
TNS   : -140.159

Type  : Fast 1100mV 0C Model Setup 'VGA_SYNC:inst33|vert_sync_out'
Slack : -3.889
TNS   : -576.307

Type  : Fast 1100mV 0C Model Setup 'inst|dp_clk_inst|altera_pll_i|general[0].gpll~PLL_OUTPUT_COUNTER|divclk'
Slack : -3.758
TNS   : -85.263

Type  : Fast 1100mV 0C Model Setup 'game_state_FSM:inst10|reset'
Slack : -2.620
TNS   : -44.854

Type  : Fast 1100mV 0C Model Setup 'timer:inst2|ClockDivider:dummy|vClockOut'
Slack : -1.309
TNS   : -21.904

Type  : Fast 1100mV 0C Model Hold 'inst|dp_clk_inst|altera_pll_i|general[0].gpll~PLL_OUTPUT_COUNTER|divclk'
Slack : -0.919
TNS   : -8.712

Type  : Fast 1100mV 0C Model Hold 'VGA_SYNC:inst33|pixel_column[0]'
Slack : -0.300
TNS   : -1.417

Type  : Fast 1100mV 0C Model Hold 'VGA_SYNC:inst33|pixel_row[4]'
Slack : -0.054
TNS   : -0.054

Type  : Fast 1100mV 0C Model Hold 'VGA_SYNC:inst33|vert_sync_out'
Slack : 0.065
TNS   : 0.000

Type  : Fast 1100mV 0C Model Hold 'timer:inst2|ClockDivider:dummy|vClockOut'
Slack : 0.088
TNS   : 0.000

Type  : Fast 1100mV 0C Model Hold 'MOUSE:inst1|MOUSE_CLK_FILTER'
Slack : 0.328
TNS   : 0.000

Type  : Fast 1100mV 0C Model Hold 'game_state_FSM:inst10|reset'
Slack : 0.510
TNS   : 0.000

Type  : Fast 1100mV 0C Model Recovery 'MOUSE:inst1|MOUSE_CLK_FILTER'
Slack : -3.603
TNS   : -56.634

Type  : Fast 1100mV 0C Model Recovery 'inst|dp_clk_inst|altera_pll_i|general[0].gpll~PLL_OUTPUT_COUNTER|divclk'
Slack : -2.582
TNS   : -113.116

Type  : Fast 1100mV 0C Model Recovery 'VGA_SYNC:inst33|vert_sync_out'
Slack : -1.467
TNS   : -232.852

Type  : Fast 1100mV 0C Model Recovery 'timer:inst2|ClockDivider:dummy|vClockOut'
Slack : -0.637
TNS   : -0.920

Type  : Fast 1100mV 0C Model Removal 'timer:inst2|ClockDivider:dummy|vClockOut'
Slack : -0.029
TNS   : -0.029

Type  : Fast 1100mV 0C Model Removal 'inst|dp_clk_inst|altera_pll_i|general[0].gpll~PLL_OUTPUT_COUNTER|divclk'
Slack : 0.069
TNS   : 0.000

Type  : Fast 1100mV 0C Model Removal 'VGA_SYNC:inst33|vert_sync_out'
Slack : 0.099
TNS   : 0.000

Type  : Fast 1100mV 0C Model Removal 'MOUSE:inst1|MOUSE_CLK_FILTER'
Slack : 3.379
TNS   : 0.000

Type  : Fast 1100mV 0C Model Minimum Pulse Width 'VGA_SYNC:inst33|pixel_row[4]'
Slack : -0.242
TNS   : -4.049

Type  : Fast 1100mV 0C Model Minimum Pulse Width 'VGA_SYNC:inst33|vert_sync_out'
Slack : -0.152
TNS   : -14.699

Type  : Fast 1100mV 0C Model Minimum Pulse Width 'timer:inst2|ClockDivider:dummy|vClockOut'
Slack : 0.039
TNS   : 0.000

Type  : Fast 1100mV 0C Model Minimum Pulse Width 'game_state_FSM:inst10|reset'
Slack : 0.071
TNS   : 0.000

Type  : Fast 1100mV 0C Model Minimum Pulse Width 'MOUSE:inst1|MOUSE_CLK_FILTER'
Slack : 0.097
TNS   : 0.000

Type  : Fast 1100mV 0C Model Minimum Pulse Width 'VGA_SYNC:inst33|pixel_column[0]'
Slack : 0.393
TNS   : 0.000

Type  : Fast 1100mV 0C Model Minimum Pulse Width 'inst|dp_clk_inst|altera_pll_i|general[0].gpll~FRACTIONAL_PLL|vcoph[0]'
Slack : 1.666
TNS   : 0.000

Type  : Fast 1100mV 0C Model Minimum Pulse Width 'refclk'
Slack : 9.632
TNS   : 0.000

Type  : Fast 1100mV 0C Model Minimum Pulse Width 'inst|dp_clk_inst|altera_pll_i|general[0].gpll~PLL_OUTPUT_COUNTER|divclk'
Slack : 18.888
TNS   : 0.000

------------------------------------------------------------
