------------------------------------------------------------
Timing Analyzer Summary
------------------------------------------------------------

Type  : Slow 1100mV 85C Model Setup 'game_state_FSM:inst2|state.intro'
Slack : -12.760
TNS   : -150.533

Type  : Slow 1100mV 85C Model Setup 'VGA_SYNC:inst33|pixel_row[5]'
Slack : -12.136
TNS   : -131.792

Type  : Slow 1100mV 85C Model Setup 'VGA_SYNC:inst33|vert_sync_out'
Slack : -8.987
TNS   : -184.340

Type  : Slow 1100mV 85C Model Setup 'MOUSE:inst1|MOUSE_CLK_FILTER'
Slack : -8.427
TNS   : -297.773

Type  : Slow 1100mV 85C Model Setup 'timer:inst77|ClockDivider:dummy|vClockOut'
Slack : -7.676
TNS   : -135.142

Type  : Slow 1100mV 85C Model Setup 'pipes:inst10|pipe_width_end[0]'
Slack : -6.999
TNS   : -40.215

Type  : Slow 1100mV 85C Model Setup 'inst|dp_clk_inst|altera_pll_i|general[0].gpll~PLL_OUTPUT_COUNTER|divclk'
Slack : -6.062
TNS   : -62.203

Type  : Slow 1100mV 85C Model Setup 'pipes:inst10|move_pipe'
Slack : -3.646
TNS   : -196.907

Type  : Slow 1100mV 85C Model Hold 'inst|dp_clk_inst|altera_pll_i|general[0].gpll~PLL_OUTPUT_COUNTER|divclk'
Slack : -6.533
TNS   : -308.391

Type  : Slow 1100mV 85C Model Hold 'VGA_SYNC:inst33|pixel_row[5]'
Slack : -0.459
TNS   : -1.084

Type  : Slow 1100mV 85C Model Hold 'pipes:inst10|move_pipe'
Slack : -0.411
TNS   : -1.836

Type  : Slow 1100mV 85C Model Hold 'VGA_SYNC:inst33|vert_sync_out'
Slack : -0.242
TNS   : -0.482

Type  : Slow 1100mV 85C Model Hold 'MOUSE:inst1|MOUSE_CLK_FILTER'
Slack : 0.318
TNS   : 0.000

Type  : Slow 1100mV 85C Model Hold 'game_state_FSM:inst2|state.intro'
Slack : 0.423
TNS   : 0.000

Type  : Slow 1100mV 85C Model Hold 'timer:inst77|ClockDivider:dummy|vClockOut'
Slack : 0.734
TNS   : 0.000

Type  : Slow 1100mV 85C Model Hold 'pipes:inst10|pipe_width_end[0]'
Slack : 4.540
TNS   : 0.000

Type  : Slow 1100mV 85C Model Recovery 'MOUSE:inst1|MOUSE_CLK_FILTER'
Slack : -7.465
TNS   : -106.340

Type  : Slow 1100mV 85C Model Recovery 'timer:inst77|ClockDivider:dummy|vClockOut'
Slack : -7.117
TNS   : -46.748

Type  : Slow 1100mV 85C Model Recovery 'pipes:inst10|move_pipe'
Slack : -5.208
TNS   : -387.642

Type  : Slow 1100mV 85C Model Recovery 'VGA_SYNC:inst33|vert_sync_out'
Slack : -3.150
TNS   : -31.484

Type  : Slow 1100mV 85C Model Recovery 'inst|dp_clk_inst|altera_pll_i|general[0].gpll~PLL_OUTPUT_COUNTER|divclk'
Slack : 37.357
TNS   : 0.000

Type  : Slow 1100mV 85C Model Removal 'timer:inst77|ClockDivider:dummy|vClockOut'
Slack : 0.924
TNS   : 0.000

Type  : Slow 1100mV 85C Model Removal 'pipes:inst10|move_pipe'
Slack : 1.340
TNS   : 0.000

Type  : Slow 1100mV 85C Model Removal 'inst|dp_clk_inst|altera_pll_i|general[0].gpll~PLL_OUTPUT_COUNTER|divclk'
Slack : 1.381
TNS   : 0.000

Type  : Slow 1100mV 85C Model Removal 'VGA_SYNC:inst33|vert_sync_out'
Slack : 2.029
TNS   : 0.000

Type  : Slow 1100mV 85C Model Removal 'MOUSE:inst1|MOUSE_CLK_FILTER'
Slack : 5.337
TNS   : 0.000

Type  : Slow 1100mV 85C Model Minimum Pulse Width 'VGA_SYNC:inst33|pixel_row[5]'
Slack : -0.693
TNS   : -18.217

Type  : Slow 1100mV 85C Model Minimum Pulse Width 'pipes:inst10|move_pipe'
Slack : -0.538
TNS   : -61.590

Type  : Slow 1100mV 85C Model Minimum Pulse Width 'MOUSE:inst1|MOUSE_CLK_FILTER'
Slack : -0.538
TNS   : -30.247

Type  : Slow 1100mV 85C Model Minimum Pulse Width 'timer:inst77|ClockDivider:dummy|vClockOut'
Slack : -0.538
TNS   : -24.435

Type  : Slow 1100mV 85C Model Minimum Pulse Width 'VGA_SYNC:inst33|vert_sync_out'
Slack : -0.538
TNS   : -17.220

Type  : Slow 1100mV 85C Model Minimum Pulse Width 'pipes:inst10|pipe_width_end[0]'
Slack : 0.102
TNS   : 0.000

Type  : Slow 1100mV 85C Model Minimum Pulse Width 'game_state_FSM:inst2|state.intro'
Slack : 0.294
TNS   : 0.000

Type  : Slow 1100mV 85C Model Minimum Pulse Width 'inst|dp_clk_inst|altera_pll_i|general[0].gpll~FRACTIONAL_PLL|vcoph[0]'
Slack : 1.666
TNS   : 0.000

Type  : Slow 1100mV 85C Model Minimum Pulse Width 'refclk'
Slack : 9.949
TNS   : 0.000

Type  : Slow 1100mV 85C Model Minimum Pulse Width 'inst|dp_clk_inst|altera_pll_i|general[0].gpll~PLL_OUTPUT_COUNTER|divclk'
Slack : 18.598
TNS   : 0.000

Type  : Slow 1100mV 0C Model Setup 'game_state_FSM:inst2|state.intro'
Slack : -12.825
TNS   : -150.671

Type  : Slow 1100mV 0C Model Setup 'VGA_SYNC:inst33|pixel_row[5]'
Slack : -12.306
TNS   : -133.106

Type  : Slow 1100mV 0C Model Setup 'VGA_SYNC:inst33|vert_sync_out'
Slack : -9.193
TNS   : -185.154

Type  : Slow 1100mV 0C Model Setup 'MOUSE:inst1|MOUSE_CLK_FILTER'
Slack : -8.319
TNS   : -293.931

Type  : Slow 1100mV 0C Model Setup 'timer:inst77|ClockDivider:dummy|vClockOut'
Slack : -7.684
TNS   : -135.073

Type  : Slow 1100mV 0C Model Setup 'pipes:inst10|pipe_width_end[0]'
Slack : -7.128
TNS   : -40.530

Type  : Slow 1100mV 0C Model Setup 'inst|dp_clk_inst|altera_pll_i|general[0].gpll~PLL_OUTPUT_COUNTER|divclk'
Slack : -5.718
TNS   : -57.072

Type  : Slow 1100mV 0C Model Setup 'pipes:inst10|move_pipe'
Slack : -3.646
TNS   : -195.617

Type  : Slow 1100mV 0C Model Hold 'inst|dp_clk_inst|altera_pll_i|general[0].gpll~PLL_OUTPUT_COUNTER|divclk'
Slack : -6.614
TNS   : -314.961

Type  : Slow 1100mV 0C Model Hold 'VGA_SYNC:inst33|pixel_row[5]'
Slack : -0.600
TNS   : -1.649

Type  : Slow 1100mV 0C Model Hold 'pipes:inst10|move_pipe'
Slack : -0.329
TNS   : -0.905

Type  : Slow 1100mV 0C Model Hold 'VGA_SYNC:inst33|vert_sync_out'
Slack : -0.180
TNS   : -0.358

Type  : Slow 1100mV 0C Model Hold 'MOUSE:inst1|MOUSE_CLK_FILTER'
Slack : 0.296
TNS   : 0.000

Type  : Slow 1100mV 0C Model Hold 'game_state_FSM:inst2|state.intro'
Slack : 0.488
TNS   : 0.000

Type  : Slow 1100mV 0C Model Hold 'timer:inst77|ClockDivider:dummy|vClockOut'
Slack : 0.715
TNS   : 0.000

Type  : Slow 1100mV 0C Model Hold 'pipes:inst10|pipe_width_end[0]'
Slack : 4.551
TNS   : 0.000

Type  : Slow 1100mV 0C Model Recovery 'MOUSE:inst1|MOUSE_CLK_FILTER'
Slack : -7.424
TNS   : -106.396

Type  : Slow 1100mV 0C Model Recovery 'timer:inst77|ClockDivider:dummy|vClockOut'
Slack : -7.085
TNS   : -45.328

Type  : Slow 1100mV 0C Model Recovery 'pipes:inst10|move_pipe'
Slack : -5.216
TNS   : -388.023

Type  : Slow 1100mV 0C Model Recovery 'VGA_SYNC:inst33|vert_sync_out'
Slack : -2.943
TNS   : -29.410

Type  : Slow 1100mV 0C Model Recovery 'inst|dp_clk_inst|altera_pll_i|general[0].gpll~PLL_OUTPUT_COUNTER|divclk'
Slack : 37.457
TNS   : 0.000

Type  : Slow 1100mV 0C Model Removal 'timer:inst77|ClockDivider:dummy|vClockOut'
Slack : 0.868
TNS   : 0.000

Type  : Slow 1100mV 0C Model Removal 'inst|dp_clk_inst|altera_pll_i|general[0].gpll~PLL_OUTPUT_COUNTER|divclk'
Slack : 1.262
TNS   : 0.000

Type  : Slow 1100mV 0C Model Removal 'pipes:inst10|move_pipe'
Slack : 1.372
TNS   : 0.000

Type  : Slow 1100mV 0C Model Removal 'VGA_SYNC:inst33|vert_sync_out'
Slack : 1.910
TNS   : 0.000

Type  : Slow 1100mV 0C Model Removal 'MOUSE:inst1|MOUSE_CLK_FILTER'
Slack : 5.539
TNS   : 0.000

Type  : Slow 1100mV 0C Model Minimum Pulse Width 'VGA_SYNC:inst33|pixel_row[5]'
Slack : -0.805
TNS   : -24.156

Type  : Slow 1100mV 0C Model Minimum Pulse Width 'pipes:inst10|move_pipe'
Slack : -0.538
TNS   : -60.533

Type  : Slow 1100mV 0C Model Minimum Pulse Width 'MOUSE:inst1|MOUSE_CLK_FILTER'
Slack : -0.538
TNS   : -30.144

Type  : Slow 1100mV 0C Model Minimum Pulse Width 'timer:inst77|ClockDivider:dummy|vClockOut'
Slack : -0.538
TNS   : -24.350

Type  : Slow 1100mV 0C Model Minimum Pulse Width 'VGA_SYNC:inst33|vert_sync_out'
Slack : -0.538
TNS   : -17.198

Type  : Slow 1100mV 0C Model Minimum Pulse Width 'pipes:inst10|pipe_width_end[0]'
Slack : 0.073
TNS   : 0.000

Type  : Slow 1100mV 0C Model Minimum Pulse Width 'game_state_FSM:inst2|state.intro'
Slack : 0.327
TNS   : 0.000

Type  : Slow 1100mV 0C Model Minimum Pulse Width 'inst|dp_clk_inst|altera_pll_i|general[0].gpll~FRACTIONAL_PLL|vcoph[0]'
Slack : 1.666
TNS   : 0.000

Type  : Slow 1100mV 0C Model Minimum Pulse Width 'refclk'
Slack : 9.980
TNS   : 0.000

Type  : Slow 1100mV 0C Model Minimum Pulse Width 'inst|dp_clk_inst|altera_pll_i|general[0].gpll~PLL_OUTPUT_COUNTER|divclk'
Slack : 18.551
TNS   : 0.000

Type  : Fast 1100mV 85C Model Setup 'game_state_FSM:inst2|state.intro'
Slack : -6.124
TNS   : -70.717

Type  : Fast 1100mV 85C Model Setup 'VGA_SYNC:inst33|pixel_row[5]'
Slack : -5.736
TNS   : -60.855

Type  : Fast 1100mV 85C Model Setup 'VGA_SYNC:inst33|vert_sync_out'
Slack : -4.008
TNS   : -80.416

Type  : Fast 1100mV 85C Model Setup 'inst|dp_clk_inst|altera_pll_i|general[0].gpll~PLL_OUTPUT_COUNTER|divclk'
Slack : -3.858
TNS   : -42.493

Type  : Fast 1100mV 85C Model Setup 'MOUSE:inst1|MOUSE_CLK_FILTER'
Slack : -3.759
TNS   : -130.900

Type  : Fast 1100mV 85C Model Setup 'timer:inst77|ClockDivider:dummy|vClockOut'
Slack : -3.364
TNS   : -55.023

Type  : Fast 1100mV 85C Model Setup 'pipes:inst10|pipe_width_end[0]'
Slack : -2.740
TNS   : -15.841

Type  : Fast 1100mV 85C Model Setup 'pipes:inst10|move_pipe'
Slack : -1.437
TNS   : -65.993

Type  : Fast 1100mV 85C Model Hold 'inst|dp_clk_inst|altera_pll_i|general[0].gpll~PLL_OUTPUT_COUNTER|divclk'
Slack : -3.086
TNS   : -144.023

Type  : Fast 1100mV 85C Model Hold 'pipes:inst10|move_pipe'
Slack : -0.307
TNS   : -2.742

Type  : Fast 1100mV 85C Model Hold 'VGA_SYNC:inst33|vert_sync_out'
Slack : -0.184
TNS   : -0.436

Type  : Fast 1100mV 85C Model Hold 'VGA_SYNC:inst33|pixel_row[5]'
Slack : -0.146
TNS   : -0.391

Type  : Fast 1100mV 85C Model Hold 'MOUSE:inst1|MOUSE_CLK_FILTER'
Slack : 0.108
TNS   : 0.000

Type  : Fast 1100mV 85C Model Hold 'game_state_FSM:inst2|state.intro'
Slack : 0.171
TNS   : 0.000

Type  : Fast 1100mV 85C Model Hold 'timer:inst77|ClockDivider:dummy|vClockOut'
Slack : 0.331
TNS   : 0.000

Type  : Fast 1100mV 85C Model Hold 'pipes:inst10|pipe_width_end[0]'
Slack : 2.092
TNS   : 0.000

Type  : Fast 1100mV 85C Model Recovery 'MOUSE:inst1|MOUSE_CLK_FILTER'
Slack : -3.278
TNS   : -44.661

Type  : Fast 1100mV 85C Model Recovery 'timer:inst77|ClockDivider:dummy|vClockOut'
Slack : -3.186
TNS   : -16.657

Type  : Fast 1100mV 85C Model Recovery 'pipes:inst10|move_pipe'
Slack : -2.389
TNS   : -173.669

Type  : Fast 1100mV 85C Model Recovery 'VGA_SYNC:inst33|vert_sync_out'
Slack : -1.570
TNS   : -15.692

Type  : Fast 1100mV 85C Model Recovery 'inst|dp_clk_inst|altera_pll_i|general[0].gpll~PLL_OUTPUT_COUNTER|divclk'
Slack : 38.549
TNS   : 0.000

Type  : Fast 1100mV 85C Model Removal 'timer:inst77|ClockDivider:dummy|vClockOut'
Slack : 0.356
TNS   : 0.000

Type  : Fast 1100mV 85C Model Removal 'inst|dp_clk_inst|altera_pll_i|general[0].gpll~PLL_OUTPUT_COUNTER|divclk'
Slack : 0.638
TNS   : 0.000

Type  : Fast 1100mV 85C Model Removal 'pipes:inst10|move_pipe'
Slack : 0.714
TNS   : 0.000

Type  : Fast 1100mV 85C Model Removal 'VGA_SYNC:inst33|vert_sync_out'
Slack : 0.921
TNS   : 0.000

Type  : Fast 1100mV 85C Model Removal 'MOUSE:inst1|MOUSE_CLK_FILTER'
Slack : 2.577
TNS   : 0.000

Type  : Fast 1100mV 85C Model Minimum Pulse Width 'VGA_SYNC:inst33|pixel_row[5]'
Slack : -0.102
TNS   : -1.655

Type  : Fast 1100mV 85C Model Minimum Pulse Width 'MOUSE:inst1|MOUSE_CLK_FILTER'
Slack : -0.054
TNS   : -0.785

Type  : Fast 1100mV 85C Model Minimum Pulse Width 'pipes:inst10|move_pipe'
Slack : 0.025
TNS   : 0.000

Type  : Fast 1100mV 85C Model Minimum Pulse Width 'VGA_SYNC:inst33|vert_sync_out'
Slack : 0.028
TNS   : 0.000

Type  : Fast 1100mV 85C Model Minimum Pulse Width 'timer:inst77|ClockDivider:dummy|vClockOut'
Slack : 0.059
TNS   : 0.000

Type  : Fast 1100mV 85C Model Minimum Pulse Width 'pipes:inst10|pipe_width_end[0]'
Slack : 0.271
TNS   : 0.000

Type  : Fast 1100mV 85C Model Minimum Pulse Width 'game_state_FSM:inst2|state.intro'
Slack : 0.322
TNS   : 0.000

Type  : Fast 1100mV 85C Model Minimum Pulse Width 'inst|dp_clk_inst|altera_pll_i|general[0].gpll~FRACTIONAL_PLL|vcoph[0]'
Slack : 1.666
TNS   : 0.000

Type  : Fast 1100mV 85C Model Minimum Pulse Width 'refclk'
Slack : 9.643
TNS   : 0.000

Type  : Fast 1100mV 85C Model Minimum Pulse Width 'inst|dp_clk_inst|altera_pll_i|general[0].gpll~PLL_OUTPUT_COUNTER|divclk'
Slack : 18.890
TNS   : 0.000

Type  : Fast 1100mV 0C Model Setup 'game_state_FSM:inst2|state.intro'
Slack : -5.694
TNS   : -66.246

Type  : Fast 1100mV 0C Model Setup 'VGA_SYNC:inst33|pixel_row[5]'
Slack : -5.362
TNS   : -57.352

Type  : Fast 1100mV 0C Model Setup 'VGA_SYNC:inst33|vert_sync_out'
Slack : -3.795
TNS   : -76.297

Type  : Fast 1100mV 0C Model Setup 'MOUSE:inst1|MOUSE_CLK_FILTER'
Slack : -3.641
TNS   : -126.124

Type  : Fast 1100mV 0C Model Setup 'timer:inst77|ClockDivider:dummy|vClockOut'
Slack : -3.248
TNS   : -51.902

Type  : Fast 1100mV 0C Model Setup 'inst|dp_clk_inst|altera_pll_i|general[0].gpll~PLL_OUTPUT_COUNTER|divclk'
Slack : -2.987
TNS   : -32.618

Type  : Fast 1100mV 0C Model Setup 'pipes:inst10|pipe_width_end[0]'
Slack : -2.671
TNS   : -15.390

Type  : Fast 1100mV 0C Model Setup 'pipes:inst10|move_pipe'
Slack : -1.267
TNS   : -56.998

Type  : Fast 1100mV 0C Model Hold 'inst|dp_clk_inst|altera_pll_i|general[0].gpll~PLL_OUTPUT_COUNTER|divclk'
Slack : -3.038
TNS   : -143.777

Type  : Fast 1100mV 0C Model Hold 'pipes:inst10|move_pipe'
Slack : -0.283
TNS   : -2.373

Type  : Fast 1100mV 0C Model Hold 'VGA_SYNC:inst33|vert_sync_out'
Slack : -0.172
TNS   : -0.399

Type  : Fast 1100mV 0C Model Hold 'VGA_SYNC:inst33|pixel_row[5]'
Slack : -0.164
TNS   : -0.394

Type  : Fast 1100mV 0C Model Hold 'MOUSE:inst1|MOUSE_CLK_FILTER'
Slack : 0.114
TNS   : 0.000

Type  : Fast 1100mV 0C Model Hold 'game_state_FSM:inst2|state.intro'
Slack : 0.195
TNS   : 0.000

Type  : Fast 1100mV 0C Model Hold 'timer:inst77|ClockDivider:dummy|vClockOut'
Slack : 0.294
TNS   : 0.000

Type  : Fast 1100mV 0C Model Hold 'pipes:inst10|pipe_width_end[0]'
Slack : 2.082
TNS   : 0.000

Type  : Fast 1100mV 0C Model Recovery 'MOUSE:inst1|MOUSE_CLK_FILTER'
Slack : -3.179
TNS   : -44.018

Type  : Fast 1100mV 0C Model Recovery 'timer:inst77|ClockDivider:dummy|vClockOut'
Slack : -3.071
TNS   : -14.649

Type  : Fast 1100mV 0C Model Recovery 'pipes:inst10|move_pipe'
Slack : -2.097
TNS   : -152.785

Type  : Fast 1100mV 0C Model Recovery 'VGA_SYNC:inst33|vert_sync_out'
Slack : -1.375
TNS   : -13.746

Type  : Fast 1100mV 0C Model Recovery 'inst|dp_clk_inst|altera_pll_i|general[0].gpll~PLL_OUTPUT_COUNTER|divclk'
Slack : 38.707
TNS   : 0.000

Type  : Fast 1100mV 0C Model Removal 'timer:inst77|ClockDivider:dummy|vClockOut'
Slack : 0.309
TNS   : 0.000

Type  : Fast 1100mV 0C Model Removal 'inst|dp_clk_inst|altera_pll_i|general[0].gpll~PLL_OUTPUT_COUNTER|divclk'
Slack : 0.569
TNS   : 0.000

Type  : Fast 1100mV 0C Model Removal 'pipes:inst10|move_pipe'
Slack : 0.617
TNS   : 0.000

Type  : Fast 1100mV 0C Model Removal 'VGA_SYNC:inst33|vert_sync_out'
Slack : 0.824
TNS   : 0.000

Type  : Fast 1100mV 0C Model Removal 'MOUSE:inst1|MOUSE_CLK_FILTER'
Slack : 2.619
TNS   : 0.000

Type  : Fast 1100mV 0C Model Minimum Pulse Width 'VGA_SYNC:inst33|pixel_row[5]'
Slack : -0.054
TNS   : -0.585

Type  : Fast 1100mV 0C Model Minimum Pulse Width 'MOUSE:inst1|MOUSE_CLK_FILTER'
Slack : -0.022
TNS   : -0.317

Type  : Fast 1100mV 0C Model Minimum Pulse Width 'VGA_SYNC:inst33|vert_sync_out'
Slack : 0.058
TNS   : 0.000

Type  : Fast 1100mV 0C Model Minimum Pulse Width 'pipes:inst10|move_pipe'
Slack : 0.058
TNS   : 0.000

Type  : Fast 1100mV 0C Model Minimum Pulse Width 'timer:inst77|ClockDivider:dummy|vClockOut'
Slack : 0.083
TNS   : 0.000

Type  : Fast 1100mV 0C Model Minimum Pulse Width 'pipes:inst10|pipe_width_end[0]'
Slack : 0.299
TNS   : 0.000

Type  : Fast 1100mV 0C Model Minimum Pulse Width 'game_state_FSM:inst2|state.intro'
Slack : 0.357
TNS   : 0.000

Type  : Fast 1100mV 0C Model Minimum Pulse Width 'inst|dp_clk_inst|altera_pll_i|general[0].gpll~FRACTIONAL_PLL|vcoph[0]'
Slack : 1.666
TNS   : 0.000

Type  : Fast 1100mV 0C Model Minimum Pulse Width 'refclk'
Slack : 9.632
TNS   : 0.000

Type  : Fast 1100mV 0C Model Minimum Pulse Width 'inst|dp_clk_inst|altera_pll_i|general[0].gpll~PLL_OUTPUT_COUNTER|divclk'
Slack : 18.889
TNS   : 0.000

------------------------------------------------------------
