------------------------------------------------------------
Timing Analyzer Summary
------------------------------------------------------------

Type  : Slow 1100mV 85C Model Setup 'game_state_FSM:inst2|state.intro'
Slack : -13.290
TNS   : -152.877

Type  : Slow 1100mV 85C Model Setup 'VGA_SYNC:inst33|pixel_row[5]'
Slack : -12.931
TNS   : -136.947

Type  : Slow 1100mV 85C Model Setup 'VGA_SYNC:inst33|vert_sync_out'
Slack : -10.407
TNS   : -190.399

Type  : Slow 1100mV 85C Model Setup 'MOUSE:inst1|MOUSE_CLK_FILTER'
Slack : -9.271
TNS   : -304.506

Type  : Slow 1100mV 85C Model Setup 'timer:inst77|ClockDivider:dummy|vClockOut'
Slack : -7.310
TNS   : -127.927

Type  : Slow 1100mV 85C Model Setup 'inst|dp_clk_inst|altera_pll_i|general[0].gpll~PLL_OUTPUT_COUNTER|divclk'
Slack : -7.271
TNS   : -149.665

Type  : Slow 1100mV 85C Model Hold 'VGA_SYNC:inst33|vert_sync_out'
Slack : 0.170
TNS   : 0.000

Type  : Slow 1100mV 85C Model Hold 'inst|dp_clk_inst|altera_pll_i|general[0].gpll~PLL_OUTPUT_COUNTER|divclk'
Slack : 0.413
TNS   : 0.000

Type  : Slow 1100mV 85C Model Hold 'timer:inst77|ClockDivider:dummy|vClockOut'
Slack : 0.547
TNS   : 0.000

Type  : Slow 1100mV 85C Model Hold 'MOUSE:inst1|MOUSE_CLK_FILTER'
Slack : 0.773
TNS   : 0.000

Type  : Slow 1100mV 85C Model Hold 'VGA_SYNC:inst33|pixel_row[5]'
Slack : 0.891
TNS   : 0.000

Type  : Slow 1100mV 85C Model Hold 'game_state_FSM:inst2|state.intro'
Slack : 1.302
TNS   : 0.000

Type  : Slow 1100mV 85C Model Recovery 'MOUSE:inst1|MOUSE_CLK_FILTER'
Slack : -7.161
TNS   : -108.439

Type  : Slow 1100mV 85C Model Recovery 'timer:inst77|ClockDivider:dummy|vClockOut'
Slack : -6.659
TNS   : -43.543

Type  : Slow 1100mV 85C Model Recovery 'inst|dp_clk_inst|altera_pll_i|general[0].gpll~PLL_OUTPUT_COUNTER|divclk'
Slack : 38.197
TNS   : 0.000

Type  : Slow 1100mV 85C Model Removal 'timer:inst77|ClockDivider:dummy|vClockOut'
Slack : 0.712
TNS   : 0.000

Type  : Slow 1100mV 85C Model Removal 'inst|dp_clk_inst|altera_pll_i|general[0].gpll~PLL_OUTPUT_COUNTER|divclk'
Slack : 0.999
TNS   : 0.000

Type  : Slow 1100mV 85C Model Removal 'MOUSE:inst1|MOUSE_CLK_FILTER'
Slack : 5.522
TNS   : 0.000

Type  : Slow 1100mV 85C Model Minimum Pulse Width 'MOUSE:inst1|MOUSE_CLK_FILTER'
Slack : -0.538
TNS   : -30.782

Type  : Slow 1100mV 85C Model Minimum Pulse Width 'timer:inst77|ClockDivider:dummy|vClockOut'
Slack : -0.538
TNS   : -24.976

Type  : Slow 1100mV 85C Model Minimum Pulse Width 'VGA_SYNC:inst33|vert_sync_out'
Slack : -0.538
TNS   : -16.683

Type  : Slow 1100mV 85C Model Minimum Pulse Width 'VGA_SYNC:inst33|pixel_row[5]'
Slack : -0.341
TNS   : -3.330

Type  : Slow 1100mV 85C Model Minimum Pulse Width 'game_state_FSM:inst2|state.intro'
Slack : 0.118
TNS   : 0.000

Type  : Slow 1100mV 85C Model Minimum Pulse Width 'inst|dp_clk_inst|altera_pll_i|general[0].gpll~FRACTIONAL_PLL|vcoph[0]'
Slack : 1.666
TNS   : 0.000

Type  : Slow 1100mV 85C Model Minimum Pulse Width 'refclk'
Slack : 9.949
TNS   : 0.000

Type  : Slow 1100mV 85C Model Minimum Pulse Width 'inst|dp_clk_inst|altera_pll_i|general[0].gpll~PLL_OUTPUT_COUNTER|divclk'
Slack : 18.595
TNS   : 0.000

Type  : Slow 1100mV 0C Model Setup 'game_state_FSM:inst2|state.intro'
Slack : -13.243
TNS   : -152.270

Type  : Slow 1100mV 0C Model Setup 'VGA_SYNC:inst33|pixel_row[5]'
Slack : -12.956
TNS   : -137.135

Type  : Slow 1100mV 0C Model Setup 'VGA_SYNC:inst33|vert_sync_out'
Slack : -10.518
TNS   : -190.155

Type  : Slow 1100mV 0C Model Setup 'MOUSE:inst1|MOUSE_CLK_FILTER'
Slack : -9.087
TNS   : -300.699

Type  : Slow 1100mV 0C Model Setup 'timer:inst77|ClockDivider:dummy|vClockOut'
Slack : -7.286
TNS   : -127.142

Type  : Slow 1100mV 0C Model Setup 'inst|dp_clk_inst|altera_pll_i|general[0].gpll~PLL_OUTPUT_COUNTER|divclk'
Slack : -6.832
TNS   : -134.803

Type  : Slow 1100mV 0C Model Hold 'inst|dp_clk_inst|altera_pll_i|general[0].gpll~PLL_OUTPUT_COUNTER|divclk'
Slack : -0.054
TNS   : -0.054

Type  : Slow 1100mV 0C Model Hold 'VGA_SYNC:inst33|vert_sync_out'
Slack : 0.159
TNS   : 0.000

Type  : Slow 1100mV 0C Model Hold 'timer:inst77|ClockDivider:dummy|vClockOut'
Slack : 0.497
TNS   : 0.000

Type  : Slow 1100mV 0C Model Hold 'VGA_SYNC:inst33|pixel_row[5]'
Slack : 0.696
TNS   : 0.000

Type  : Slow 1100mV 0C Model Hold 'MOUSE:inst1|MOUSE_CLK_FILTER'
Slack : 0.735
TNS   : 0.000

Type  : Slow 1100mV 0C Model Hold 'game_state_FSM:inst2|state.intro'
Slack : 1.073
TNS   : 0.000

Type  : Slow 1100mV 0C Model Recovery 'MOUSE:inst1|MOUSE_CLK_FILTER'
Slack : -7.126
TNS   : -108.351

Type  : Slow 1100mV 0C Model Recovery 'timer:inst77|ClockDivider:dummy|vClockOut'
Slack : -6.687
TNS   : -42.696

Type  : Slow 1100mV 0C Model Recovery 'inst|dp_clk_inst|altera_pll_i|general[0].gpll~PLL_OUTPUT_COUNTER|divclk'
Slack : 38.261
TNS   : 0.000

Type  : Slow 1100mV 0C Model Removal 'timer:inst77|ClockDivider:dummy|vClockOut'
Slack : 0.668
TNS   : 0.000

Type  : Slow 1100mV 0C Model Removal 'inst|dp_clk_inst|altera_pll_i|general[0].gpll~PLL_OUTPUT_COUNTER|divclk'
Slack : 0.959
TNS   : 0.000

Type  : Slow 1100mV 0C Model Removal 'MOUSE:inst1|MOUSE_CLK_FILTER'
Slack : 5.711
TNS   : 0.000

Type  : Slow 1100mV 0C Model Minimum Pulse Width 'MOUSE:inst1|MOUSE_CLK_FILTER'
Slack : -0.538
TNS   : -29.872

Type  : Slow 1100mV 0C Model Minimum Pulse Width 'timer:inst77|ClockDivider:dummy|vClockOut'
Slack : -0.538
TNS   : -24.848

Type  : Slow 1100mV 0C Model Minimum Pulse Width 'VGA_SYNC:inst33|vert_sync_out'
Slack : -0.538
TNS   : -16.542

Type  : Slow 1100mV 0C Model Minimum Pulse Width 'VGA_SYNC:inst33|pixel_row[5]'
Slack : -0.304
TNS   : -3.302

Type  : Slow 1100mV 0C Model Minimum Pulse Width 'game_state_FSM:inst2|state.intro'
Slack : 0.170
TNS   : 0.000

Type  : Slow 1100mV 0C Model Minimum Pulse Width 'inst|dp_clk_inst|altera_pll_i|general[0].gpll~FRACTIONAL_PLL|vcoph[0]'
Slack : 1.666
TNS   : 0.000

Type  : Slow 1100mV 0C Model Minimum Pulse Width 'refclk'
Slack : 9.980
TNS   : 0.000

Type  : Slow 1100mV 0C Model Minimum Pulse Width 'inst|dp_clk_inst|altera_pll_i|general[0].gpll~PLL_OUTPUT_COUNTER|divclk'
Slack : 18.562
TNS   : 0.000

Type  : Fast 1100mV 85C Model Setup 'game_state_FSM:inst2|state.intro'
Slack : -6.380
TNS   : -71.960

Type  : Fast 1100mV 85C Model Setup 'VGA_SYNC:inst33|pixel_row[5]'
Slack : -6.148
TNS   : -64.014

Type  : Fast 1100mV 85C Model Setup 'inst|dp_clk_inst|altera_pll_i|general[0].gpll~PLL_OUTPUT_COUNTER|divclk'
Slack : -5.227
TNS   : -107.062

Type  : Fast 1100mV 85C Model Setup 'VGA_SYNC:inst33|vert_sync_out'
Slack : -4.741
TNS   : -84.738

Type  : Fast 1100mV 85C Model Setup 'MOUSE:inst1|MOUSE_CLK_FILTER'
Slack : -4.209
TNS   : -133.733

Type  : Fast 1100mV 85C Model Setup 'timer:inst77|ClockDivider:dummy|vClockOut'
Slack : -3.212
TNS   : -50.611

Type  : Fast 1100mV 85C Model Hold 'VGA_SYNC:inst33|vert_sync_out'
Slack : 0.028
TNS   : 0.000

Type  : Fast 1100mV 85C Model Hold 'inst|dp_clk_inst|altera_pll_i|general[0].gpll~PLL_OUTPUT_COUNTER|divclk'
Slack : 0.181
TNS   : 0.000

Type  : Fast 1100mV 85C Model Hold 'timer:inst77|ClockDivider:dummy|vClockOut'
Slack : 0.216
TNS   : 0.000

Type  : Fast 1100mV 85C Model Hold 'VGA_SYNC:inst33|pixel_row[5]'
Slack : 0.297
TNS   : 0.000

Type  : Fast 1100mV 85C Model Hold 'MOUSE:inst1|MOUSE_CLK_FILTER'
Slack : 0.306
TNS   : 0.000

Type  : Fast 1100mV 85C Model Hold 'game_state_FSM:inst2|state.intro'
Slack : 0.573
TNS   : 0.000

Type  : Fast 1100mV 85C Model Recovery 'MOUSE:inst1|MOUSE_CLK_FILTER'
Slack : -3.089
TNS   : -45.763

Type  : Fast 1100mV 85C Model Recovery 'timer:inst77|ClockDivider:dummy|vClockOut'
Slack : -2.943
TNS   : -13.204

Type  : Fast 1100mV 85C Model Recovery 'inst|dp_clk_inst|altera_pll_i|general[0].gpll~PLL_OUTPUT_COUNTER|divclk'
Slack : 39.063
TNS   : 0.000

Type  : Fast 1100mV 85C Model Removal 'timer:inst77|ClockDivider:dummy|vClockOut'
Slack : 0.246
TNS   : 0.000

Type  : Fast 1100mV 85C Model Removal 'inst|dp_clk_inst|altera_pll_i|general[0].gpll~PLL_OUTPUT_COUNTER|divclk'
Slack : 0.459
TNS   : 0.000

Type  : Fast 1100mV 85C Model Removal 'MOUSE:inst1|MOUSE_CLK_FILTER'
Slack : 2.678
TNS   : 0.000

Type  : Fast 1100mV 85C Model Minimum Pulse Width 'MOUSE:inst1|MOUSE_CLK_FILTER'
Slack : -0.017
TNS   : -0.230

Type  : Fast 1100mV 85C Model Minimum Pulse Width 'VGA_SYNC:inst33|pixel_row[5]'
Slack : -0.011
TNS   : -0.017

Type  : Fast 1100mV 85C Model Minimum Pulse Width 'VGA_SYNC:inst33|vert_sync_out'
Slack : 0.050
TNS   : 0.000

Type  : Fast 1100mV 85C Model Minimum Pulse Width 'timer:inst77|ClockDivider:dummy|vClockOut'
Slack : 0.073
TNS   : 0.000

Type  : Fast 1100mV 85C Model Minimum Pulse Width 'game_state_FSM:inst2|state.intro'
Slack : 0.206
TNS   : 0.000

Type  : Fast 1100mV 85C Model Minimum Pulse Width 'inst|dp_clk_inst|altera_pll_i|general[0].gpll~FRACTIONAL_PLL|vcoph[0]'
Slack : 1.666
TNS   : 0.000

Type  : Fast 1100mV 85C Model Minimum Pulse Width 'refclk'
Slack : 9.643
TNS   : 0.000

Type  : Fast 1100mV 85C Model Minimum Pulse Width 'inst|dp_clk_inst|altera_pll_i|general[0].gpll~PLL_OUTPUT_COUNTER|divclk'
Slack : 18.889
TNS   : 0.000

Type  : Fast 1100mV 0C Model Setup 'game_state_FSM:inst2|state.intro'
Slack : -5.931
TNS   : -67.494

Type  : Fast 1100mV 0C Model Setup 'VGA_SYNC:inst33|pixel_row[5]'
Slack : -5.739
TNS   : -60.296

Type  : Fast 1100mV 0C Model Setup 'VGA_SYNC:inst33|vert_sync_out'
Slack : -4.478
TNS   : -79.739

Type  : Fast 1100mV 0C Model Setup 'inst|dp_clk_inst|altera_pll_i|general[0].gpll~PLL_OUTPUT_COUNTER|divclk'
Slack : -4.121
TNS   : -84.014

Type  : Fast 1100mV 0C Model Setup 'MOUSE:inst1|MOUSE_CLK_FILTER'
Slack : -3.990
TNS   : -128.603

Type  : Fast 1100mV 0C Model Setup 'timer:inst77|ClockDivider:dummy|vClockOut'
Slack : -3.103
TNS   : -47.745

Type  : Fast 1100mV 0C Model Hold 'VGA_SYNC:inst33|vert_sync_out'
Slack : 0.015
TNS   : 0.000

Type  : Fast 1100mV 0C Model Hold 'inst|dp_clk_inst|altera_pll_i|general[0].gpll~PLL_OUTPUT_COUNTER|divclk'
Slack : 0.171
TNS   : 0.000

Type  : Fast 1100mV 0C Model Hold 'timer:inst77|ClockDivider:dummy|vClockOut'
Slack : 0.183
TNS   : 0.000

Type  : Fast 1100mV 0C Model Hold 'MOUSE:inst1|MOUSE_CLK_FILTER'
Slack : 0.309
TNS   : 0.000

Type  : Fast 1100mV 0C Model Hold 'VGA_SYNC:inst33|pixel_row[5]'
Slack : 0.314
TNS   : 0.000

Type  : Fast 1100mV 0C Model Hold 'game_state_FSM:inst2|state.intro'
Slack : 0.547
TNS   : 0.000

Type  : Fast 1100mV 0C Model Recovery 'MOUSE:inst1|MOUSE_CLK_FILTER'
Slack : -3.008
TNS   : -44.913

Type  : Fast 1100mV 0C Model Recovery 'timer:inst77|ClockDivider:dummy|vClockOut'
Slack : -2.866
TNS   : -12.071

Type  : Fast 1100mV 0C Model Recovery 'inst|dp_clk_inst|altera_pll_i|general[0].gpll~PLL_OUTPUT_COUNTER|divclk'
Slack : 39.151
TNS   : 0.000

Type  : Fast 1100mV 0C Model Removal 'timer:inst77|ClockDivider:dummy|vClockOut'
Slack : 0.208
TNS   : 0.000

Type  : Fast 1100mV 0C Model Removal 'inst|dp_clk_inst|altera_pll_i|general[0].gpll~PLL_OUTPUT_COUNTER|divclk'
Slack : 0.417
TNS   : 0.000

Type  : Fast 1100mV 0C Model Removal 'MOUSE:inst1|MOUSE_CLK_FILTER'
Slack : 2.702
TNS   : 0.000

Type  : Fast 1100mV 0C Model Minimum Pulse Width 'MOUSE:inst1|MOUSE_CLK_FILTER'
Slack : 0.001
TNS   : 0.000

Type  : Fast 1100mV 0C Model Minimum Pulse Width 'VGA_SYNC:inst33|pixel_row[5]'
Slack : 0.062
TNS   : 0.000

Type  : Fast 1100mV 0C Model Minimum Pulse Width 'VGA_SYNC:inst33|vert_sync_out'
Slack : 0.078
TNS   : 0.000

Type  : Fast 1100mV 0C Model Minimum Pulse Width 'timer:inst77|ClockDivider:dummy|vClockOut'
Slack : 0.101
TNS   : 0.000

Type  : Fast 1100mV 0C Model Minimum Pulse Width 'game_state_FSM:inst2|state.intro'
Slack : 0.261
TNS   : 0.000

Type  : Fast 1100mV 0C Model Minimum Pulse Width 'inst|dp_clk_inst|altera_pll_i|general[0].gpll~FRACTIONAL_PLL|vcoph[0]'
Slack : 1.666
TNS   : 0.000

Type  : Fast 1100mV 0C Model Minimum Pulse Width 'refclk'
Slack : 9.632
TNS   : 0.000

Type  : Fast 1100mV 0C Model Minimum Pulse Width 'inst|dp_clk_inst|altera_pll_i|general[0].gpll~PLL_OUTPUT_COUNTER|divclk'
Slack : 18.889
TNS   : 0.000

------------------------------------------------------------
